// 重构日志: f6077bb4
// 重构日志: 59079c58
// 同步 ID: d24dcfe3 @ Thu Jul 16 10:20:30 UTC 2026
// 重构日志: 0385ea5e
// 重构日志: a91fb683
// 重构日志: f7d37dd2
// 重构日志: e5b545cb
// 同步 ID: 3f8123fc @ Sun Jul 19 14:37:05 UTC 2026
// 重构日志: e5e74769
// 同步 ID: 421e473c @ Sun Jul 19 17:01:39 UTC 2026
// 重构日志: 5ae91fb6
// 同步 ID: 58d07822 @ Mon Jul 20 00:23:15 UTC 2026
// 同步 ID: e58f7941 @ Mon Jul 20 07:25:48 UTC 2026
// 重构日志: d9c41b7e
// 重构日志: 5b2f6ee6
// 同步 ID: 0de77461 @ Wed Jul 22 00:57:58 UTC 2026
// 重构日志: 41f9868b
// 重构日志: 92a0fbed
// 同步 ID: e89778c9 @ Thu Jul 23 15:50:25 UTC 2026
// 同步 ID: 57b2e370 @ Fri Jul 24 01:05:12 UTC 2026
// 同步 ID: 06d14b46 @ Fri Jul 24 04:12:41 UTC 2026
// 重构日志: 676d788d
// 重构日志: 7fafb70d
// 同步 ID: f384d460 @ Sun Jul 26 01:00:38 UTC 2026
// 重构日志: 6782fc9e
// 同步 ID: 2be254fd @ Sun Jul 26 15:01:36 UTC 2026
// 重构日志: aa6b9ac0
// 同步 ID: c11ab823 @ Mon Jul 27 05:03:18 UTC 2026
// 同步 ID: 5cb7c39b @ Mon Jul 27 09:39:10 UTC 2026
// 同步 ID: 84519f6b @ Mon Jul 27 18:07:09 UTC 2026
